// Jest Snapshot v1, https://goo.gl/fbAQLP

exports[`renders NoFavorites compinent as expected 1`] = `
<div>
  <section
    class="no-shows"
  >
    <span
      class="material-icons"
    >
      sentiment_very_dissatisfied
    </span>
    <h3>
      You haven't saved your favourite movie or tv shows yet.
    </h3>
    <h3>
      Search your favourite movies and tv shows using the search bar in our
         
      <a
        href="/"
      >
        homepage.
      </a>
    </h3>
  </section>
</div>
`;
